// Vitest Snapshot v1

exports[`test Icon Props > test Icon badge 1`] = `"<div class=\\"n-icon--badge\\"></div>"`;

exports[`test Icon Props > test Icon badge Number 1`] = `"<div class=\\"n-icon--badge\\">10</div>"`;

exports[`test Icon Props > test Icon badge String 1`] = `"<div class=\\"n-icon--badge\\">10</div>"`;

exports[`test Icon Props > test Icon multicolor 1`] = `"<i class=\\"n-icon\\"><span class=\\"svg-content\\"><svg class=\\"n-icon--svg\\"><use xlink:href=\\"#n-alarm-sharp\\"></use></svg><!--v-if--></span></i>"`;
