// Vitest Snapshot v1

exports[`test Avatar props > test Avatar alt 1`] = `"<div class=\\"n-avatar n-avatar--normal n-avatar--round\\"><img class=\\"n-avatar__image\\" src=\\"data:image/png;base64,iVBORw0KGgoAAAANSUhEUgAAB2IAAAWJBAMAAABeC8pYAAAAJFBMVEX3+Prc3uDi5Obg4uT09vjy8/Xr7O7k5ujo6uzm6Orw8fPt7/ElK1D3AAAZiElEQVR42uzBgQAAAACAoP2pF6kCAAAAAAAAAAAAAAAAAAAAAAAAAAAAAAAAAAAAAAAAAAAAAAAAAAAAAAAAAAAAAAAAAAAAAAAAAAAAAGD24EAAAAAAAMj/tRFUVVVVVVVVVVVVVVVVVVVVVVVVVVVVVVVVVVVVVVVVVVVVVVVVVVVVVVVVVVVVVVVVVVVVVVVVVVVVVYU9OBAAAAAAAPJ/bQRVVVVVVVVVVVVVVVVVVVVVVVVVVVVVVVVVVVVVVVVVVVVVVVVVVVVVVVVVVVVVVVVVVVVVVVVVVVVVVWEPDgQAAAAAgPxfG0FVVVVVVVVVVVVVVVVVVVVVVVVVVVVVVVVVVVVVVVVVVVVVVVVVVVVVVVVVVVVVVVVVVVVVVVVVVVVVVdiDAwEAAAAAIP/XRlBVVVVVVVVVVVVVVVVVVVVVVVVVVVVVVVVVVVVVVVVVVVVVVVVVVVVVVVVVVVVVVVVVVVVVVVVVVVVVFfbgQAAAAAAAyP+1EVRVVVVVVVVVVVVVVVVVVVVVVVVVVVVVVVVVVVVVVVVVVVVVVVVVVVVVVVVVVVVVVVVVVVVVVVVVVVVVhT04EAAAAAAA8n9tBFVVVVVVVVVVVVVVVVVVVVVVVVVVVVVVVVVVVVVVVVVVVVVVVVVVVVVVVVVVVVVVVVVVVVVVVVVVVVVVYQ8OBAAAAACA/F8bQVVVVVVVVVVVVVVVVVVVVVVVVVVVVVVVVVVVVVVVVVVVVVVVVVVVVVVVVVVVVVVVVVVVVVVVVVVVVVVV2Ldb3iagKI7DV7Rm7lJRLEVU0yZsElEQnUGsCHC8DJIpIFlD5kZYSJAIOjSQhWkCgS8HmZkGxT/neb7DL/fk3nMBAAAAAAAAAOAfLRarDHuLRYPibt8/33+7iXBy8HV1q0Fly1/PPly/0SPMp5v9z5KlsuGP9WTeU4xm0823BnXde9mzzA8/NShqcH4cMhBfmr2726CmZV6wvW8/blDS4OxaD3S416Ci5eueaPymQUWZR2zvRw0KGj7qmXaMxVS09bxn2n7SoJzBl8CL4gujI4tP1DN8mlps37FFQT0P0tadLl0xFlPO4Cz2iO2jj8Ziqhl877luKpZqhtHF+tpONcOHPdfVVYNato57rvHPBrVsve+5xgcNatnNfdzpfXTSoJbd0G8AF0abBrXcyX2O/WPdoJbsYqcNaskudtagluxiJw1qUSwkUSwkUSwkUSwkUSwkUSwkUSwkUSwkUSwkUSwkUSwkUSwkUSwkUSwkUSwkUSwkUSwkUSwkUSwkUSwkUSwkUSwkUSwkUSwkUSwkUSwkUSwkUSwk+ctiR/PJ9NXp6frFZP4/pP6bvfvnaSoKAzB+htulTm/vgI7VRF1bErHbHVoHWTrUxsBGBBUmJDEYthIh4KREQFgcWsSwGQqBT6eD3tMC7Xsa815IeH5ruz655557/lAsbpsRi320O7dw/mLq6GRu451cP4rFbTNKsXH5w9p5p5E4F9VeHL3ZuX/tj1mKxW0zQrGFD2udRtX9Va1NneyMmCzFApkVW15e6Lg+tZP1BzISigUyKra83Wm4C2rTb0dLlmKBbIot73bdZdH0+riMgGKBTIod2+4k7spk3y5JMIoFMik2ftx2V4umXpckFMUCmRRbmU/cANH0lgSjWCCDYgv7dTdQ7qwkgSgWyKDY+H3bDTG1HposxQIZFFvpumGi5qIEoljAplh9TOzlQiefKBawL/Zx2ykmP0sYigWsiy1sJk4R/SpJCIoFzIuttJ2quSRBKBYwLjZeSVy/aq1Rdf1yMxKCYgHrYsdmXZ/oxdHcwnnD9TssSQCKBayLfVp3Pap/et1492h3odP/nJ3ckhAUC9gWG+8nzsudbOzcH5e4/Ojb2nxvytGpBKBYwLjYe13nRQdf0r+PL58nzntZlAAUC9gW+6TuvOne9Yjxcvfah8UUi9tGKTZecV6+f21TvP29d92TBKBYwLbYTZeqnRWlz8Qn/wCOgmaLKRYwLbbS9U0eFOWCiVmXmlwSHcUCpsU+bPgx8cylv8bLbf9zS3QUC1gWG++5VLMol4z736Mz0VEsYFrsx56pJWV9xcuSqCgWsCx24tiPehflCoXZkV5kKRawLPapL7ZZUobN+S1RUSxgWezDdjooPlWmpoL271AsYFns+7q2pmli1jddEg3FAobF+jFv9HPA/+I06uiQYgFDvlh9qvh5Sz+i4llRNBQLGBZbfqUfC+Nni+8sioZiAcNiK8f6x9Z4MwmfLKZYwLDYp+mI92fAlvfcqmgoFjAs1p9UfBpwcluuJRqKBQyL9fPAv2Sgh0n4FlmKBQyLXan71RFKsWGX3FEsYFhs+or6fDXgsMWIYgGFbbF7ScApTncpFghhX2y6gKL5QAa69z1d9ESxgBlfrL7k6bA4pNh2WmxRFBQLGBb7KqjY4/RJTLHABTev2DGKBQLZj4r1FsfS99gDigUU1sXq98NW6rzHAsPdpK87fI8FFJkXmx+2giKhWCCE/Zqn0VYpvqZYIIT9ToDTIX9iJwCgyLpY9yNkt92MaCgWsNwfy4524Gb5/1Nj9jg1BghhX+yEP5ltUQYozLu/8pzMBoSxP/10VR85T3L6KaCwLVa++gP/1Ykn1+SEcUBhXOx+muPLBwOPK+ZOACCM/U1Z/t6dlnIlQNjnWIoFLG+j9D2eKesnXL4lOooFbG98Hn6rTmHT/XOH+2MBc75Y5Qr2fGvgQzh8PzvFApbFxntu+MTSStJ7X6WKYvGbvbv3SSOMAzj+DMfS7bjB2ZAUHY8bKNsNRwdYHLADbk2liFMhoZ0dWq2bJPWliwMYg2utCv9cY9Lcj0dOPYan91i+n9X5m9/j8bzAWLH6pydVG8wHXfygFnqinWIBo8XKPkXlXPTm/tqRoOs993kUCxgtNr+tYrmdgqspxednZefx0ygWMFSsbGmKNXd8Ldgfw5mcb9wUKBYwVKz8Iyu2Bq7w+iMl6gM3BYoFzBZbGSrhXB4F/t9eg/VJqES633YoFjBbbP57qET190H3vlmv9Pm0EyqRu/Hd51EsYLhYb22oZlTH01b74PRrazoeqswXxRSLpSPFPmKlE6pZUVQdjxpRpDTptk9QLGC6WK+/oR5wlJAD7ylQLGCuWHkJ61kp3++gWMBgsXJZYrKFdyhSLGCqWFE+V0ky/2mHYrGEUhTrnW2oJ1XTPt9BsYCxYkV5WyWTIwIpUSxgrFjxeqieUPuWesRSLPAPis3LIZ15udtVNyWKBYwWK+vi0MI1McVi+aQr1vsyCR8J9mrPd9OiWMBssZLsdXKytUW+E1MsYLhYOb4+SkjWae4U3AVQLGC0WJFPSra2WLAUCxgvVqbsRG/W2bxq99yFUCxguFgRrB9qyTZvjxedsBQLmC5WeMWvk9FmFCknqm42r9pd310MxQLmixVeqXjSmo43m+Np66AbZB4sxWLpSLFpmz3db7UPjrsF1wIUi2UjxabkB0EpCALXChSLZfM2+6UtxQIUC/yXrCk2CCgWeCnFBsWT/dNuQLHASyi2eLI7ql61jwsUC1hfrLe+O2ko5TSn7R7FApYX61U6jVDdi6p3PsUCdhdb2d2YvTOKYgGbi105bMzeQXPkUyxgb7Fef6hm5C56FAvYW+zD62iqd6sUC9habPyidKy+R7GArcXGa+KYc7lKsYCdxZY7CZdH7VEsYGWx8tlJH7IUC9hYbPIbXK/2KBawsFivv5H8MMgqxQL2FSsjVvfqPcUC1hUrI3ZuyH6iWMC2YrURq8m99ykWsKtYfcQ6kZpx0aNYwK5iK9dKOM1xQ4ncR59iAZuK9bSH37fa+7sNJd4NKBawqVhtxNY+FoL1jhK5O59iAXuKjUds/HHY6zeU2BpQLGBPsW+u57YS5zuhNmQpFrClWO9nOL+T+Mu5NmQpFrCl2LVfCad18t/1IUuxgB3FSpvaYZ21cyXqA4oF7Ch2bZh4ILakhXzrUyxgQ7EPRqz/WMkUC9hQrBZm/ejx1TLFAtkXu/JwxIqK/kWKYoHsi9VHrJZl/kwfshQLZF1sOXGnRPKQpVgg42K91/puxKe3VlAskG2x5e0/7J07bxNREEa3gIaSLVyHSDzKawpD5yLZIjQU4CJ0kSDgLqwUQHRGQkLpiMQrDQVYQM0jhD9HOZmwuZlJ9uJizmnjyG6OPl/vzHd1xGY3BGYYC7BAY2WRXUesDlnhyxLGAizOWOmKkYjNhezqRsJYAK+x5SNWqJ8ffsWkxViAxRl78/6J5TCjH/olGAtgNrZoxE62DK9pMRZgUcbetOTn6EgOYyzAYoyt93R82s66GAvgM7ZQHVsyPrLFWIACxloi1nYh1rZebcdYAJOxZSP2+BcOj4QsxgL8f2PrnbEhYjv6Y15jLIDd2DJ1bNkrJ3V/zO+EsQBWY0vVsTmaoHYxFsBobKk6No/ev5cwFsBgbMGI9fmNsQD/19inSsEXXsExFqCAsQ4DfSGLsQB+Y8tHrCi+pxXHWACDsUUaT/ezEdtd0oaxAOWNlTo2w9xhrj9m3mIsgN/Y+vpw+XofdWz+vQGMhfC4jb1+5d3Lh28vuZztun/dvzgwaTEWwuM0tr7y7sHB5/U/D189TmetY/OeZC9sJoyF6PiMra9NP99dqc6t3F2f756+jq093XbevRZjITo+Y0fT2xKUy4UjVkra5B8xFoLjMnawc+g0uvbIrGz9xh2x0oSqzr8YC8HxGFtvf6oOsb5pPo5mktKZzhgLsfEYe+1gXB3i3L1ZOmMdm7+QHGMhNmKsq0FCWiT8jafuSz/UajvGQmjEWMdkvtRIpAIRm3+Si7EQGruxtQwGS8hueSN2ddM9kDyt1EAyxkJkmuTbvfGHrL7Ced76J5L10g/GQmTEWMd6q2AQ8Mb3zHCw7Z0rtXWHsRCYJvlPsS4DL3ZErI/6yGo7xkJgrMYOpipi7T8kad02+mivwFiIi9VYNTyhb55z2DZf6qOEEWMhLmKsM2LleYtHttRLRRTGQliMxspDUcEydDgw1rH5vlpjLISlSdYGCWF1rEPWHrE9XdizjLEQFZuxarh39efBHR2ypSJWuKZX2zEWotIk9wLN/pNn07EKWduyz61MxDrHMJYwFoIixnqWVK9+z4asmG64oO50/TEYCzERYz07qvWeJWTrbWvjqX+dAGMhJk1yyyKRJ+P5Z+yK8a/sJYyFkBiMHendmyTnShnPty2j9xmyGAshaZK/NFgiT34FLhGx+ZI2jIWIiLG+Yn4deWuzEhGb//0LYyEiTfI9V9mSyNMhazh4ejBkNsZCQJrkumBuI0nk5ULW3xXjL2nDWAjIScZe3FFTS8sq8jIh649Yf0kbxkI8TjL2xicdsSry1J9KR6y8ozzfHVYAsWiSe8+tO/LmbVfEyoxSHwym6tMkjIVwNMkRsbNM5K1tHv971URMPxuXP6qnwBgL4RBj/bs3o+kxFU4yeCxTF70wVO/4NWEsRCNv7GUdsZleUv3Vt/7Q8UioD66qkJ1dqQBi0STHKTZ/rpy0Ipat8dTPUH+i9xVALLLG6vXW15kMlkc4edOFXvpjHlQAsWiS9dS4n7ojT5i0PXXFWGP//LcKIBY5Yw3rreKmjOc7Gk/96C/cKxVALDLGDu+PtY35yJPb15/6SsX9IQsQlibZx3iNIXtxWuYUK4POAGE53thB93prPmR3O67J6Zl6j5CFuChj/RHbUdL2zyihAW9/DEBUmmSqfPiVMpGnzd6+czRiCVn4y94d6zYRRFEY3iYPYE9h0UIBlJPGdpdqFcUNBdCkQzIRpqKxItElBRJ0FAiRhiZvECTM04GguBpjbuaO7xBb8399lOroeO2Zs/BObPn11nQ/ZpVsGR+sfj/FUrKAb2ItCxJ6yb5++veHaUoWcEusYY4tJ9zPug2j4pQsUDOxkgn97o2kW1StWFmsAZrUx5w5NsMuqdPiqW5MyaJRmxM7SefYrJUnFVtJWFKyaFMfb6/YB4bJtMoVK/+RL5/QpD7eWrEX1sqTU8aCkgVqJTa8N1SslKxesZQs4J3Y4uutYfm1E3LqoqJf/xFoz4bEhoIFifGiE3LqoqLhgpJFgzYk9rzg7k2QgRk5dVHRnytCQHPWEltyvVX2Y9wXT/Wr7R3QnD6qFTu7yK68607IenFFlCwa1Ee1Ylcx/7myyzh1wX4M4JrYdDX89HKQQyYr9Dk2ShZwTuxIm2PT45NRsZQs4JrYsCy83jpSTl1U8+hHB7RlLbFjbY7N+Iae+sLnDmhLH9U5tlyHyqmLinhTFlqTJnY6V+bYFEGZY6uHd7SjPX1ML7qW3b0Zz5WKreh+B7Slj8ocm/3um37qgsQCjonVF0/1y3baS/AEiQV8EqvPsenCp6RiLwf/QmIBj8TaF0+Vn4S0iiWxgFtiHydbMWeDkorVfxIisYBbYsOHwvc0j79ln7ogsYBXYqemxVMRrrIrlsQCLom1b8WIqaFiSSzglNhJ4d2boaFiSSzglNhhacVObgwHG0ks4JBY8+KpCF+OOvFcr1gSC/gkdmSvWEl6/qkLEgt4JNZ+vVVmIAxzbCQWcEnsKJlj+55fsee2iiWxgENi04qdXZZW7JuBjsQCHokdz02Lp2KZfJh+d+sfkljAIbGlc2zDhW2OjcQCDoktnmNbWr+vIrHA9oldm2Pb+a0YEot29XG9Ynd+jo3EomF9DFd7NsdGYtGwY7neal48fWKtWBILbOk4vi2bY5OkGyqWxALb6R/Ok1NLe1WxJBbNOXlZOMc2TSp2lVexJBbYzsH1UVKxZVsxs4+DHCQW2JZy98ZQsZlJJ7GAn5MXcR/m2EgsYF08nZTNsZFYwM3JhaFij3ahYkksGmbairnZiYolsWiYaStmNyqWxKJdxXNsB6/yK5bEAndWsfaDjSQWcGB8T3NIK9Ywx0ZiASez/IfRw2QrxlSxJBbwqtg9GRUnsUDXnVoqtnxUnMQCDkw/qaavD7BVLIkF/nPF3ltYX+UuSCxQzGWO7WxgQWKBYi6Lp8anWBILFNrfObaf7N0xTxphHMfxG25iO28gHYFE6PhoUmXrIM9wLg4NL6ALNE46YBo3tsJWEvEFWJLGmdS2b67StMBFgedc/F9+38/apcsvf+7ErywW4rpFTuzr59hYLLQV+NZSem3qxLJYCCqUY7N1YlksBGW95IU5tklSEIsFXqbMOTYWC2VlPrEsFnKK/J3mt7kT+/DqT7EsFnoqH8NP7NhE8ZTFQtlpLfzEGsmxsVgI88HD2xsbybGxWAgLX2zrztyJZbGQ413ZiqcsFsqCF2snx8ZiIcy7shVPWSyUBS423c+d2B82TiyLhRzvylY8ZbFQFrbYdGAox8ZiISxssVVDxVMWC2XelS7HxmIhzLvCObbZRWIFi4Ua74JOrMmnWBYLPd4F5djsRMVZLKQFLDa9sZVjY7EQFrDYo3kux9ZI7GCxUONdsVZMNrTzFMtioce73Tk2W8VTFgtl3hXLsVl6imWx0LNzscfWiqfrmhGgxdd2tmKMFU/XpJ8jQMvpxa5fZDd8YtPbCNBSmZSvFbNUPY8ALZVh6XJsK9VfEaCl0ivviU3efIsALdsbay2TrZil4w8RoGXry6QD2yc2ecdioSb+7kJzbJ+sndj0+n0EiOnWtuTYLBZPV/ZGLBZytnwpYmAxKr6mzYsn6Nm8xCPjJzbZ58RCT9ythRRPO/ZO7N4oAvRUJptaMTaLp0vtuwjQs+HnO+ngzGiO7T/eFENTNnm+FWM1x7bqxQGK4p+NZ0+szaj46j/Ih2KIyvpPL2jbbo7t32DnfCiGqmzoSpRj4zMx1MWzqStPjm2hOT6LAFnx7Oth/sSajYovuIMbBgtpnd/9aWN1Z1vz9X97aCSJs+OweXvO9xMhLu7cf7msN68W6vVcji3r1S1Z7PUkAsSd3Pen9au/Lpuj/GIfl2zI42J5TQwAAAAAAAAAAAAAAAAAAAAAAIA/7MGBAAAAAACQ/2sjqKqqqqqqqqqqqqqqqqqqqqqqqqqqqqqqqqqqqqqqqqqqqqqqqqqqqqqqqqqqqqqqqqqqqqqqqqqqqqoKe3AgAAAAAADk/9oIqqqqqqqqqqqqqqqqqqqqqqqqqqqqqqqqqqqqqqqqqqqqqqqqqqqqqqqqqqqqqqqqqqqqqqqqqqqqqqrCHhwIAAAAAAD5vzaCqqqqqqqqqqqqqqqqqqqqqqqqqqqqqqqqqqqqqqqqqqqqqqqqqqqqqqqqqqqqqqqqqqqqqqqqqqqqqqqwBwcCAAAAAED+r42gqqqqqqqqqqqqqqqqqqqqqqqqqqqqqqqqqqqqqqqqqqqqqqqqqqqqqqqqqqqqqqqqqqqqqqqqqqqqqirswYEAAAAAAJD/ayOoqqqqqqqqqqqqqqqqqqqqqqqqqqqqqqqqqqqqqqqqqqqqqqqqqqqqqqqqqqqqqqqqqqqqqqqqqqqqqgp7cCAAAAAAAOT/2giqqqqqqqqqqqqqqqqqqqqqqqqqqqqqqqqqqqqqqqqqqqqqqqqqqqqqqqqqqqqqqqqqqqqqqqqqqqqqqsIeHAgAAAAAAPm/NoKqqqqqqqqqqqqqqqqqqqqqqqqqqqqqqqqqqqqqqqqqqqqqqqqqqqqqqqqqqqqqqqqqqqqqqqqqqqqqqrQHBwIAAAAAgvytN5igAgAAAAAAAAAAAAAAAAAAAAAAAAAAAAAAAAAAAAAAAAAAAAAAAAAAAAAAAAAAAAAAAAAAAAAAAOAFatglfMZ0SjcAAAAASUVORK5CYII=\\" alt=\\"avatar\\" style=\\"object-fit: cover;\\"></div>"`;

exports[`test Avatar props > test Avatar bordered && borderColor 1`] = `
"<div class=\\"n-avatar n-avatar--normal n-avatar--round n-avatar--bordered\\" style=\\"border-color: red;\\">
  <div class=\\"n-avatar__text\\" style=\\"transform: scale(1);\\"></div>
</div>"
`;

exports[`test Avatar props > test Avatar color 1`] = `
"<div class=\\"n-avatar n-avatar--normal n-avatar--round\\" style=\\"background-color: red;\\">
  <div class=\\"n-avatar__text\\" style=\\"transform: scale(1);\\"></div>
</div>"
`;

exports[`test Avatar props > test Avatar size 1`] = `
"<div class=\\"n-avatar n-avatar--mini n-avatar--round\\">
  <div class=\\"n-avatar__text\\" style=\\"transform: scale(1);\\"></div>
</div>"
`;

exports[`test Avatar props > test Avatar size 2`] = `
"<div class=\\"n-avatar n-avatar--small n-avatar--round\\">
  <div class=\\"n-avatar__text\\" style=\\"transform: scale(1);\\"></div>
</div>"
`;

exports[`test Avatar props > test Avatar size 3`] = `
"<div class=\\"n-avatar n-avatar--normal n-avatar--round\\">
  <div class=\\"n-avatar__text\\" style=\\"transform: scale(1);\\"></div>
</div>"
`;

exports[`test Avatar props > test Avatar size 4`] = `
"<div class=\\"n-avatar n-avatar--large n-avatar--round\\">
  <div class=\\"n-avatar__text\\" style=\\"transform: scale(1);\\"></div>
</div>"
`;

exports[`test Avatar props > test Avatar size 5`] = `
"<div class=\\"n-avatar n-avatar--round\\" style=\\"width: 80px; height: 80px;\\">
  <div class=\\"n-avatar__text\\" style=\\"transform: scale(1);\\"></div>
</div>"
`;

exports[`test Avatar props > test Avatar size 6`] = `
"<div class=\\"n-avatar n-avatar--round\\" style=\\"width: 100px; height: 100px;\\">
  <div class=\\"n-avatar__text\\" style=\\"transform: scale(1);\\"></div>
</div>"
`;

exports[`test Avatar props > test Avatar src 1`] = `"<div class=\\"n-avatar n-avatar--normal n-avatar--round\\"><img class=\\"n-avatar__image\\" src=\\"data:image/png;base64,iVBORw0KGgoAAAANSUhEUgAAB2IAAAWJBAMAAABeC8pYAAAAJFBMVEX3+Prc3uDi5Obg4uT09vjy8/Xr7O7k5ujo6uzm6Orw8fPt7/ElK1D3AAAZiElEQVR42uzBgQAAAACAoP2pF6kCAAAAAAAAAAAAAAAAAAAAAAAAAAAAAAAAAAAAAAAAAAAAAAAAAAAAAAAAAAAAAAAAAAAAAAAAAAAAAGD24EAAAAAAAMj/tRFUVVVVVVVVVVVVVVVVVVVVVVVVVVVVVVVVVVVVVVVVVVVVVVVVVVVVVVVVVVVVVVVVVVVVVVVVVVVVVYU9OBAAAAAAAPJ/bQRVVVVVVVVVVVVVVVVVVVVVVVVVVVVVVVVVVVVVVVVVVVVVVVVVVVVVVVVVVVVVVVVVVVVVVVVVVVVVVWEPDgQAAAAAgPxfG0FVVVVVVVVVVVVVVVVVVVVVVVVVVVVVVVVVVVVVVVVVVVVVVVVVVVVVVVVVVVVVVVVVVVVVVVVVVVVVVdiDAwEAAAAAIP/XRlBVVVVVVVVVVVVVVVVVVVVVVVVVVVVVVVVVVVVVVVVVVVVVVVVVVVVVVVVVVVVVVVVVVVVVVVVVVVVVFfbgQAAAAAAAyP+1EVRVVVVVVVVVVVVVVVVVVVVVVVVVVVVVVVVVVVVVVVVVVVVVVVVVVVVVVVVVVVVVVVVVVVVVVVVVVVVVhT04EAAAAAAA8n9tBFVVVVVVVVVVVVVVVVVVVVVVVVVVVVVVVVVVVVVVVVVVVVVVVVVVVVVVVVVVVVVVVVVVVVVVVVVVVVVVYQ8OBAAAAACA/F8bQVVVVVVVVVVVVVVVVVVVVVVVVVVVVVVVVVVVVVVVVVVVVVVVVVVVVVVVVVVVVVVVVVVVVVVVVVVVVVVV2Ldb3iagKI7DV7Rm7lJRLEVU0yZsElEQnUGsCHC8DJIpIFlD5kZYSJAIOjSQhWkCgS8HmZkGxT/neb7DL/fk3nMBAAAAAAAAAOAfLRarDHuLRYPibt8/33+7iXBy8HV1q0Fly1/PPly/0SPMp5v9z5KlsuGP9WTeU4xm0823BnXde9mzzA8/NShqcH4cMhBfmr2726CmZV6wvW8/blDS4OxaD3S416Ci5eueaPymQUWZR2zvRw0KGj7qmXaMxVS09bxn2n7SoJzBl8CL4gujI4tP1DN8mlps37FFQT0P0tadLl0xFlPO4Cz2iO2jj8Ziqhl877luKpZqhtHF+tpONcOHPdfVVYNato57rvHPBrVsve+5xgcNatnNfdzpfXTSoJbd0G8AF0abBrXcyX2O/WPdoJbsYqcNaskudtagluxiJw1qUSwkUSwkUSwkUSwkUSwkUSwkUSwkUSwkUSwkUSwkUSwkUSwkUSwkUSwkUSwkUSwkUSwkUSwkUSwkUSwkUSwkUSwkUSwkUSwkUSwkUSwkUSwkUSwk+ctiR/PJ9NXp6frFZP4/pP6bvfvnaSoKAzB+htulTm/vgI7VRF1bErHbHVoHWTrUxsBGBBUmJDEYthIh4KREQFgcWsSwGQqBT6eD3tMC7Xsa815IeH5ruz655557/lAsbpsRi320O7dw/mLq6GRu451cP4rFbTNKsXH5w9p5p5E4F9VeHL3ZuX/tj1mKxW0zQrGFD2udRtX9Va1NneyMmCzFApkVW15e6Lg+tZP1BzISigUyKra83Wm4C2rTb0dLlmKBbIot73bdZdH0+riMgGKBTIod2+4k7spk3y5JMIoFMik2ftx2V4umXpckFMUCmRRbmU/cANH0lgSjWCCDYgv7dTdQ7qwkgSgWyKDY+H3bDTG1HposxQIZFFvpumGi5qIEoljAplh9TOzlQiefKBawL/Zx2ykmP0sYigWsiy1sJk4R/SpJCIoFzIuttJ2quSRBKBYwLjZeSVy/aq1Rdf1yMxKCYgHrYsdmXZ/oxdHcwnnD9TssSQCKBayLfVp3Pap/et1492h3odP/nJ3ckhAUC9gWG+8nzsudbOzcH5e4/Ojb2nxvytGpBKBYwLjYe13nRQdf0r+PL58nzntZlAAUC9gW+6TuvOne9Yjxcvfah8UUi9tGKTZecV6+f21TvP29d92TBKBYwLbYTZeqnRWlz8Qn/wCOgmaLKRYwLbbS9U0eFOWCiVmXmlwSHcUCpsU+bPgx8cylv8bLbf9zS3QUC1gWG++5VLMol4z736Mz0VEsYFrsx56pJWV9xcuSqCgWsCx24tiPehflCoXZkV5kKRawLPapL7ZZUobN+S1RUSxgWezDdjooPlWmpoL271AsYFns+7q2pmli1jddEg3FAobF+jFv9HPA/+I06uiQYgFDvlh9qvh5Sz+i4llRNBQLGBZbfqUfC+Nni+8sioZiAcNiK8f6x9Z4MwmfLKZYwLDYp+mI92fAlvfcqmgoFjAs1p9UfBpwcluuJRqKBQyL9fPAv2Sgh0n4FlmKBQyLXan71RFKsWGX3FEsYFhs+or6fDXgsMWIYgGFbbF7ScApTncpFghhX2y6gKL5QAa69z1d9ESxgBlfrL7k6bA4pNh2WmxRFBQLGBb7KqjY4/RJTLHABTev2DGKBQLZj4r1FsfS99gDigUU1sXq98NW6rzHAsPdpK87fI8FFJkXmx+2giKhWCCE/Zqn0VYpvqZYIIT9ToDTIX9iJwCgyLpY9yNkt92MaCgWsNwfy4524Gb5/1Nj9jg1BghhX+yEP5ltUQYozLu/8pzMBoSxP/10VR85T3L6KaCwLVa++gP/1Ykn1+SEcUBhXOx+muPLBwOPK+ZOACCM/U1Z/t6dlnIlQNjnWIoFLG+j9D2eKesnXL4lOooFbG98Hn6rTmHT/XOH+2MBc75Y5Qr2fGvgQzh8PzvFApbFxntu+MTSStJ7X6WKYvGbvbv3SSOMAzj+DMfS7bjB2ZAUHY8bKNsNRwdYHLADbk2liFMhoZ0dWq2bJPWliwMYg2utCv9cY9Lcj0dOPYan91i+n9X5m9/j8bzAWLH6pydVG8wHXfygFnqinWIBo8XKPkXlXPTm/tqRoOs993kUCxgtNr+tYrmdgqspxednZefx0ygWMFSsbGmKNXd8Ldgfw5mcb9wUKBYwVKz8Iyu2Bq7w+iMl6gM3BYoFzBZbGSrhXB4F/t9eg/VJqES633YoFjBbbP57qET190H3vlmv9Pm0EyqRu/Hd51EsYLhYb22oZlTH01b74PRrazoeqswXxRSLpSPFPmKlE6pZUVQdjxpRpDTptk9QLGC6WK+/oR5wlJAD7ylQLGCuWHkJ61kp3++gWMBgsXJZYrKFdyhSLGCqWFE+V0ky/2mHYrGEUhTrnW2oJ1XTPt9BsYCxYkV5WyWTIwIpUSxgrFjxeqieUPuWesRSLPAPis3LIZ15udtVNyWKBYwWK+vi0MI1McVi+aQr1vsyCR8J9mrPd9OiWMBssZLsdXKytUW+E1MsYLhYOb4+SkjWae4U3AVQLGC0WJFPSra2WLAUCxgvVqbsRG/W2bxq99yFUCxguFgRrB9qyTZvjxedsBQLmC5WeMWvk9FmFCknqm42r9pd310MxQLmixVeqXjSmo43m+Np66AbZB4sxWLpSLFpmz3db7UPjrsF1wIUi2UjxabkB0EpCALXChSLZfM2+6UtxQIUC/yXrCk2CCgWeCnFBsWT/dNuQLHASyi2eLI7ql61jwsUC1hfrLe+O2ko5TSn7R7FApYX61U6jVDdi6p3PsUCdhdb2d2YvTOKYgGbi105bMzeQXPkUyxgb7Fef6hm5C56FAvYW+zD62iqd6sUC9habPyidKy+R7GArcXGa+KYc7lKsYCdxZY7CZdH7VEsYGWx8tlJH7IUC9hYbPIbXK/2KBawsFivv5H8MMgqxQL2FSsjVvfqPcUC1hUrI3ZuyH6iWMC2YrURq8m99ykWsKtYfcQ6kZpx0aNYwK5iK9dKOM1xQ4ncR59iAZuK9bSH37fa+7sNJd4NKBawqVhtxNY+FoL1jhK5O59iAXuKjUds/HHY6zeU2BpQLGBPsW+u57YS5zuhNmQpFrClWO9nOL+T+Mu5NmQpFrCl2LVfCad18t/1IUuxgB3FSpvaYZ21cyXqA4oF7Ch2bZh4ILakhXzrUyxgQ7EPRqz/WMkUC9hQrBZm/ejx1TLFAtkXu/JwxIqK/kWKYoHsi9VHrJZl/kwfshQLZF1sOXGnRPKQpVgg42K91/puxKe3VlAskG2x5e0/7J07bxNREEa3gIaSLVyHSDzKawpD5yLZIjQU4CJ0kSDgLqwUQHRGQkLpiMQrDQVYQM0jhD9HOZmwuZlJ9uJizmnjyG6OPl/vzHd1xGY3BGYYC7BAY2WRXUesDlnhyxLGAizOWOmKkYjNhezqRsJYAK+x5SNWqJ8ffsWkxViAxRl78/6J5TCjH/olGAtgNrZoxE62DK9pMRZgUcbetOTn6EgOYyzAYoyt93R82s66GAvgM7ZQHVsyPrLFWIACxloi1nYh1rZebcdYAJOxZSP2+BcOj4QsxgL8f2PrnbEhYjv6Y15jLIDd2DJ1bNkrJ3V/zO+EsQBWY0vVsTmaoHYxFsBobKk6No/ev5cwFsBgbMGI9fmNsQD/19inSsEXXsExFqCAsQ4DfSGLsQB+Y8tHrCi+pxXHWACDsUUaT/ezEdtd0oaxAOWNlTo2w9xhrj9m3mIsgN/Y+vpw+XofdWz+vQGMhfC4jb1+5d3Lh28vuZztun/dvzgwaTEWwuM0tr7y7sHB5/U/D189TmetY/OeZC9sJoyF6PiMra9NP99dqc6t3F2f756+jq093XbevRZjITo+Y0fT2xKUy4UjVkra5B8xFoLjMnawc+g0uvbIrGz9xh2x0oSqzr8YC8HxGFtvf6oOsb5pPo5mktKZzhgLsfEYe+1gXB3i3L1ZOmMdm7+QHGMhNmKsq0FCWiT8jafuSz/UajvGQmjEWMdkvtRIpAIRm3+Si7EQGruxtQwGS8hueSN2ddM9kDyt1EAyxkJkmuTbvfGHrL7Ced76J5L10g/GQmTEWMd6q2AQ8Mb3zHCw7Z0rtXWHsRCYJvlPsS4DL3ZErI/6yGo7xkJgrMYOpipi7T8kad02+mivwFiIi9VYNTyhb55z2DZf6qOEEWMhLmKsM2LleYtHttRLRRTGQliMxspDUcEydDgw1rH5vlpjLISlSdYGCWF1rEPWHrE9XdizjLEQFZuxarh39efBHR2ypSJWuKZX2zEWotIk9wLN/pNn07EKWduyz61MxDrHMJYwFoIixnqWVK9+z4asmG64oO50/TEYCzERYz07qvWeJWTrbWvjqX+dAGMhJk1yyyKRJ+P5Z+yK8a/sJYyFkBiMHendmyTnShnPty2j9xmyGAshaZK/NFgiT34FLhGx+ZI2jIWIiLG+Yn4deWuzEhGb//0LYyEiTfI9V9mSyNMhazh4ejBkNsZCQJrkumBuI0nk5ULW3xXjL2nDWAjIScZe3FFTS8sq8jIh649Yf0kbxkI8TjL2xicdsSry1J9KR6y8ozzfHVYAsWiSe8+tO/LmbVfEyoxSHwym6tMkjIVwNMkRsbNM5K1tHv971URMPxuXP6qnwBgL4RBj/bs3o+kxFU4yeCxTF70wVO/4NWEsRCNv7GUdsZleUv3Vt/7Q8UioD66qkJ1dqQBi0STHKTZ/rpy0Ipat8dTPUH+i9xVALLLG6vXW15kMlkc4edOFXvpjHlQAsWiS9dS4n7ojT5i0PXXFWGP//LcKIBY5Yw3rreKmjOc7Gk/96C/cKxVALDLGDu+PtY35yJPb15/6SsX9IQsQlibZx3iNIXtxWuYUK4POAGE53thB93prPmR3O67J6Zl6j5CFuChj/RHbUdL2zyihAW9/DEBUmmSqfPiVMpGnzd6+czRiCVn4y94d6zYRRFEY3iYPYE9h0UIBlJPGdpdqFcUNBdCkQzIRpqKxItElBRJ0FAiRhiZvECTM04GguBpjbuaO7xBb8399lOroeO2Zs/BObPn11nQ/ZpVsGR+sfj/FUrKAb2ItCxJ6yb5++veHaUoWcEusYY4tJ9zPug2j4pQsUDOxkgn97o2kW1StWFmsAZrUx5w5NsMuqdPiqW5MyaJRmxM7SefYrJUnFVtJWFKyaFMfb6/YB4bJtMoVK/+RL5/QpD7eWrEX1sqTU8aCkgVqJTa8N1SslKxesZQs4J3Y4uutYfm1E3LqoqJf/xFoz4bEhoIFifGiE3LqoqLhgpJFgzYk9rzg7k2QgRk5dVHRnytCQHPWEltyvVX2Y9wXT/Wr7R3QnD6qFTu7yK68607IenFFlCwa1Ee1Ylcx/7myyzh1wX4M4JrYdDX89HKQQyYr9Dk2ShZwTuxIm2PT45NRsZQs4JrYsCy83jpSTl1U8+hHB7RlLbFjbY7N+Iae+sLnDmhLH9U5tlyHyqmLinhTFlqTJnY6V+bYFEGZY6uHd7SjPX1ML7qW3b0Zz5WKreh+B7Slj8ocm/3um37qgsQCjonVF0/1y3baS/AEiQV8EqvPsenCp6RiLwf/QmIBj8TaF0+Vn4S0iiWxgFtiHydbMWeDkorVfxIisYBbYsOHwvc0j79ln7ogsYBXYqemxVMRrrIrlsQCLom1b8WIqaFiSSzglNhJ4d2boaFiSSzglNhhacVObgwHG0ks4JBY8+KpCF+OOvFcr1gSC/gkdmSvWEl6/qkLEgt4JNZ+vVVmIAxzbCQWcEnsKJlj+55fsee2iiWxgENi04qdXZZW7JuBjsQCHokdz02Lp2KZfJh+d+sfkljAIbGlc2zDhW2OjcQCDoktnmNbWr+vIrHA9oldm2Pb+a0YEot29XG9Ynd+jo3EomF9DFd7NsdGYtGwY7neal48fWKtWBILbOk4vi2bY5OkGyqWxALb6R/Ok1NLe1WxJBbNOXlZOMc2TSp2lVexJBbYzsH1UVKxZVsxs4+DHCQW2JZy98ZQsZlJJ7GAn5MXcR/m2EgsYF08nZTNsZFYwM3JhaFij3ahYkksGmbairnZiYolsWiYaStmNyqWxKJdxXNsB6/yK5bEAndWsfaDjSQWcGB8T3NIK9Ywx0ZiASez/IfRw2QrxlSxJBbwqtg9GRUnsUDXnVoqtnxUnMQCDkw/qaavD7BVLIkF/nPF3ltYX+UuSCxQzGWO7WxgQWKBYi6Lp8anWBILFNrfObaf7N0xTxphHMfxG25iO28gHYFE6PhoUmXrIM9wLg4NL6ALNE46YBo3tsJWEvEFWJLGmdS2b67StMBFgedc/F9+38/apcsvf+7ErywW4rpFTuzr59hYLLQV+NZSem3qxLJYCCqUY7N1YlksBGW95IU5tklSEIsFXqbMOTYWC2VlPrEsFnKK/J3mt7kT+/DqT7EsFnoqH8NP7NhE8ZTFQtlpLfzEGsmxsVgI88HD2xsbybGxWAgLX2zrztyJZbGQ413ZiqcsFsqCF2snx8ZiIcy7shVPWSyUBS423c+d2B82TiyLhRzvylY8ZbFQFrbYdGAox8ZiISxssVVDxVMWC2XelS7HxmIhzLvCObbZRWIFi4Ua74JOrMmnWBYLPd4F5djsRMVZLKQFLDa9sZVjY7EQFrDYo3kux9ZI7GCxUONdsVZMNrTzFMtioce73Tk2W8VTFgtl3hXLsVl6imWx0LNzscfWiqfrmhGgxdd2tmKMFU/XpJ8jQMvpxa5fZDd8YtPbCNBSmZSvFbNUPY8ALZVh6XJsK9VfEaCl0ivviU3efIsALdsbay2TrZil4w8RoGXry6QD2yc2ecdioSb+7kJzbJ+sndj0+n0EiOnWtuTYLBZPV/ZGLBZytnwpYmAxKr6mzYsn6Nm8xCPjJzbZ58RCT9ythRRPO/ZO7N4oAvRUJptaMTaLp0vtuwjQs+HnO+ngzGiO7T/eFENTNnm+FWM1x7bqxQGK4p+NZ0+szaj46j/Ih2KIyvpPL2jbbo7t32DnfCiGqmzoSpRj4zMx1MWzqStPjm2hOT6LAFnx7Oth/sSajYovuIMbBgtpnd/9aWN1Z1vz9X97aCSJs+OweXvO9xMhLu7cf7msN68W6vVcji3r1S1Z7PUkAsSd3Pen9au/Lpuj/GIfl2zI42J5TQwAAAAAAAAAAAAAAAAAAAAAAIA/7MGBAAAAAACQ/2sjqKqqqqqqqqqqqqqqqqqqqqqqqqqqqqqqqqqqqqqqqqqqqqqqqqqqqqqqqqqqqqqqqqqqqqqqqqqqqqoKe3AgAAAAAADk/9oIqqqqqqqqqqqqqqqqqqqqqqqqqqqqqqqqqqqqqqqqqqqqqqqqqqqqqqqqqqqqqqqqqqqqqqqqqqqqqqrCHhwIAAAAAAD5vzaCqqqqqqqqqqqqqqqqqqqqqqqqqqqqqqqqqqqqqqqqqqqqqqqqqqqqqqqqqqqqqqqqqqqqqqqqqqqqqqqwBwcCAAAAAED+r42gqqqqqqqqqqqqqqqqqqqqqqqqqqqqqqqqqqqqqqqqqqqqqqqqqqqqqqqqqqqqqqqqqqqqqqqqqqqqqirswYEAAAAAAJD/ayOoqqqqqqqqqqqqqqqqqqqqqqqqqqqqqqqqqqqqqqqqqqqqqqqqqqqqqqqqqqqqqqqqqqqqqqqqqqqqqgp7cCAAAAAAAOT/2giqqqqqqqqqqqqqqqqqqqqqqqqqqqqqqqqqqqqqqqqqqqqqqqqqqqqqqqqqqqqqqqqqqqqqqqqqqqqqqsIeHAgAAAAAAPm/NoKqqqqqqqqqqqqqqqqqqqqqqqqqqqqqqqqqqqqqqqqqqqqqqqqqqqqqqqqqqqqqqqqqqqqqqqqqqqqqqrQHBwIAAAAAgvytN5igAgAAAAAAAAAAAAAAAAAAAAAAAAAAAAAAAAAAAAAAAAAAAAAAAAAAAAAAAAAAAAAAAAAAAAAAAOAFatglfMZ0SjcAAAAASUVORK5CYII=\\" style=\\"object-fit: cover;\\"></div>"`;

exports[`test Avatar props > test Avatar src and fit 1`] = `"<div class=\\"n-avatar n-avatar--normal n-avatar--round\\"><img class=\\"n-avatar__image\\" src=\\"data:image/png;base64,iVBORw0KGgoAAAANSUhEUgAAB2IAAAWJBAMAAABeC8pYAAAAJFBMVEX3+Prc3uDi5Obg4uT09vjy8/Xr7O7k5ujo6uzm6Orw8fPt7/ElK1D3AAAZiElEQVR42uzBgQAAAACAoP2pF6kCAAAAAAAAAAAAAAAAAAAAAAAAAAAAAAAAAAAAAAAAAAAAAAAAAAAAAAAAAAAAAAAAAAAAAAAAAAAAAGD24EAAAAAAAMj/tRFUVVVVVVVVVVVVVVVVVVVVVVVVVVVVVVVVVVVVVVVVVVVVVVVVVVVVVVVVVVVVVVVVVVVVVVVVVVVVVYU9OBAAAAAAAPJ/bQRVVVVVVVVVVVVVVVVVVVVVVVVVVVVVVVVVVVVVVVVVVVVVVVVVVVVVVVVVVVVVVVVVVVVVVVVVVVVVVWEPDgQAAAAAgPxfG0FVVVVVVVVVVVVVVVVVVVVVVVVVVVVVVVVVVVVVVVVVVVVVVVVVVVVVVVVVVVVVVVVVVVVVVVVVVVVVVdiDAwEAAAAAIP/XRlBVVVVVVVVVVVVVVVVVVVVVVVVVVVVVVVVVVVVVVVVVVVVVVVVVVVVVVVVVVVVVVVVVVVVVVVVVVVVVFfbgQAAAAAAAyP+1EVRVVVVVVVVVVVVVVVVVVVVVVVVVVVVVVVVVVVVVVVVVVVVVVVVVVVVVVVVVVVVVVVVVVVVVVVVVVVVVhT04EAAAAAAA8n9tBFVVVVVVVVVVVVVVVVVVVVVVVVVVVVVVVVVVVVVVVVVVVVVVVVVVVVVVVVVVVVVVVVVVVVVVVVVVVVVVYQ8OBAAAAACA/F8bQVVVVVVVVVVVVVVVVVVVVVVVVVVVVVVVVVVVVVVVVVVVVVVVVVVVVVVVVVVVVVVVVVVVVVVVVVVVVVVV2Ldb3iagKI7DV7Rm7lJRLEVU0yZsElEQnUGsCHC8DJIpIFlD5kZYSJAIOjSQhWkCgS8HmZkGxT/neb7DL/fk3nMBAAAAAAAAAOAfLRarDHuLRYPibt8/33+7iXBy8HV1q0Fly1/PPly/0SPMp5v9z5KlsuGP9WTeU4xm0823BnXde9mzzA8/NShqcH4cMhBfmr2726CmZV6wvW8/blDS4OxaD3S416Ci5eueaPymQUWZR2zvRw0KGj7qmXaMxVS09bxn2n7SoJzBl8CL4gujI4tP1DN8mlps37FFQT0P0tadLl0xFlPO4Cz2iO2jj8Ziqhl877luKpZqhtHF+tpONcOHPdfVVYNato57rvHPBrVsve+5xgcNatnNfdzpfXTSoJbd0G8AF0abBrXcyX2O/WPdoJbsYqcNaskudtagluxiJw1qUSwkUSwkUSwkUSwkUSwkUSwkUSwkUSwkUSwkUSwkUSwkUSwkUSwkUSwkUSwkUSwkUSwkUSwkUSwkUSwkUSwkUSwkUSwkUSwkUSwkUSwkUSwkUSwk+ctiR/PJ9NXp6frFZP4/pP6bvfvnaSoKAzB+htulTm/vgI7VRF1bErHbHVoHWTrUxsBGBBUmJDEYthIh4KREQFgcWsSwGQqBT6eD3tMC7Xsa815IeH5ruz655557/lAsbpsRi320O7dw/mLq6GRu451cP4rFbTNKsXH5w9p5p5E4F9VeHL3ZuX/tj1mKxW0zQrGFD2udRtX9Va1NneyMmCzFApkVW15e6Lg+tZP1BzISigUyKra83Wm4C2rTb0dLlmKBbIot73bdZdH0+riMgGKBTIod2+4k7spk3y5JMIoFMik2ftx2V4umXpckFMUCmRRbmU/cANH0lgSjWCCDYgv7dTdQ7qwkgSgWyKDY+H3bDTG1HposxQIZFFvpumGi5qIEoljAplh9TOzlQiefKBawL/Zx2ykmP0sYigWsiy1sJk4R/SpJCIoFzIuttJ2quSRBKBYwLjZeSVy/aq1Rdf1yMxKCYgHrYsdmXZ/oxdHcwnnD9TssSQCKBayLfVp3Pap/et1492h3odP/nJ3ckhAUC9gWG+8nzsudbOzcH5e4/Ojb2nxvytGpBKBYwLjYe13nRQdf0r+PL58nzntZlAAUC9gW+6TuvOne9Yjxcvfah8UUi9tGKTZecV6+f21TvP29d92TBKBYwLbYTZeqnRWlz8Qn/wCOgmaLKRYwLbbS9U0eFOWCiVmXmlwSHcUCpsU+bPgx8cylv8bLbf9zS3QUC1gWG++5VLMol4z736Mz0VEsYFrsx56pJWV9xcuSqCgWsCx24tiPehflCoXZkV5kKRawLPapL7ZZUobN+S1RUSxgWezDdjooPlWmpoL271AsYFns+7q2pmli1jddEg3FAobF+jFv9HPA/+I06uiQYgFDvlh9qvh5Sz+i4llRNBQLGBZbfqUfC+Nni+8sioZiAcNiK8f6x9Z4MwmfLKZYwLDYp+mI92fAlvfcqmgoFjAs1p9UfBpwcluuJRqKBQyL9fPAv2Sgh0n4FlmKBQyLXan71RFKsWGX3FEsYFhs+or6fDXgsMWIYgGFbbF7ScApTncpFghhX2y6gKL5QAa69z1d9ESxgBlfrL7k6bA4pNh2WmxRFBQLGBb7KqjY4/RJTLHABTev2DGKBQLZj4r1FsfS99gDigUU1sXq98NW6rzHAsPdpK87fI8FFJkXmx+2giKhWCCE/Zqn0VYpvqZYIIT9ToDTIX9iJwCgyLpY9yNkt92MaCgWsNwfy4524Gb5/1Nj9jg1BghhX+yEP5ltUQYozLu/8pzMBoSxP/10VR85T3L6KaCwLVa++gP/1Ykn1+SEcUBhXOx+muPLBwOPK+ZOACCM/U1Z/t6dlnIlQNjnWIoFLG+j9D2eKesnXL4lOooFbG98Hn6rTmHT/XOH+2MBc75Y5Qr2fGvgQzh8PzvFApbFxntu+MTSStJ7X6WKYvGbvbv3SSOMAzj+DMfS7bjB2ZAUHY8bKNsNRwdYHLADbk2liFMhoZ0dWq2bJPWliwMYg2utCv9cY9Lcj0dOPYan91i+n9X5m9/j8bzAWLH6pydVG8wHXfygFnqinWIBo8XKPkXlXPTm/tqRoOs993kUCxgtNr+tYrmdgqspxednZefx0ygWMFSsbGmKNXd8Ldgfw5mcb9wUKBYwVKz8Iyu2Bq7w+iMl6gM3BYoFzBZbGSrhXB4F/t9eg/VJqES633YoFjBbbP57qET190H3vlmv9Pm0EyqRu/Hd51EsYLhYb22oZlTH01b74PRrazoeqswXxRSLpSPFPmKlE6pZUVQdjxpRpDTptk9QLGC6WK+/oR5wlJAD7ylQLGCuWHkJ61kp3++gWMBgsXJZYrKFdyhSLGCqWFE+V0ky/2mHYrGEUhTrnW2oJ1XTPt9BsYCxYkV5WyWTIwIpUSxgrFjxeqieUPuWesRSLPAPis3LIZ15udtVNyWKBYwWK+vi0MI1McVi+aQr1vsyCR8J9mrPd9OiWMBssZLsdXKytUW+E1MsYLhYOb4+SkjWae4U3AVQLGC0WJFPSra2WLAUCxgvVqbsRG/W2bxq99yFUCxguFgRrB9qyTZvjxedsBQLmC5WeMWvk9FmFCknqm42r9pd310MxQLmixVeqXjSmo43m+Np66AbZB4sxWLpSLFpmz3db7UPjrsF1wIUi2UjxabkB0EpCALXChSLZfM2+6UtxQIUC/yXrCk2CCgWeCnFBsWT/dNuQLHASyi2eLI7ql61jwsUC1hfrLe+O2ko5TSn7R7FApYX61U6jVDdi6p3PsUCdhdb2d2YvTOKYgGbi105bMzeQXPkUyxgb7Fef6hm5C56FAvYW+zD62iqd6sUC9habPyidKy+R7GArcXGa+KYc7lKsYCdxZY7CZdH7VEsYGWx8tlJH7IUC9hYbPIbXK/2KBawsFivv5H8MMgqxQL2FSsjVvfqPcUC1hUrI3ZuyH6iWMC2YrURq8m99ykWsKtYfcQ6kZpx0aNYwK5iK9dKOM1xQ4ncR59iAZuK9bSH37fa+7sNJd4NKBawqVhtxNY+FoL1jhK5O59iAXuKjUds/HHY6zeU2BpQLGBPsW+u57YS5zuhNmQpFrClWO9nOL+T+Mu5NmQpFrCl2LVfCad18t/1IUuxgB3FSpvaYZ21cyXqA4oF7Ch2bZh4ILakhXzrUyxgQ7EPRqz/WMkUC9hQrBZm/ejx1TLFAtkXu/JwxIqK/kWKYoHsi9VHrJZl/kwfshQLZF1sOXGnRPKQpVgg42K91/puxKe3VlAskG2x5e0/7J07bxNREEa3gIaSLVyHSDzKawpD5yLZIjQU4CJ0kSDgLqwUQHRGQkLpiMQrDQVYQM0jhD9HOZmwuZlJ9uJizmnjyG6OPl/vzHd1xGY3BGYYC7BAY2WRXUesDlnhyxLGAizOWOmKkYjNhezqRsJYAK+x5SNWqJ8ffsWkxViAxRl78/6J5TCjH/olGAtgNrZoxE62DK9pMRZgUcbetOTn6EgOYyzAYoyt93R82s66GAvgM7ZQHVsyPrLFWIACxloi1nYh1rZebcdYAJOxZSP2+BcOj4QsxgL8f2PrnbEhYjv6Y15jLIDd2DJ1bNkrJ3V/zO+EsQBWY0vVsTmaoHYxFsBobKk6No/ev5cwFsBgbMGI9fmNsQD/19inSsEXXsExFqCAsQ4DfSGLsQB+Y8tHrCi+pxXHWACDsUUaT/ezEdtd0oaxAOWNlTo2w9xhrj9m3mIsgN/Y+vpw+XofdWz+vQGMhfC4jb1+5d3Lh28vuZztun/dvzgwaTEWwuM0tr7y7sHB5/U/D189TmetY/OeZC9sJoyF6PiMra9NP99dqc6t3F2f756+jq093XbevRZjITo+Y0fT2xKUy4UjVkra5B8xFoLjMnawc+g0uvbIrGz9xh2x0oSqzr8YC8HxGFtvf6oOsb5pPo5mktKZzhgLsfEYe+1gXB3i3L1ZOmMdm7+QHGMhNmKsq0FCWiT8jafuSz/UajvGQmjEWMdkvtRIpAIRm3+Si7EQGruxtQwGS8hueSN2ddM9kDyt1EAyxkJkmuTbvfGHrL7Ced76J5L10g/GQmTEWMd6q2AQ8Mb3zHCw7Z0rtXWHsRCYJvlPsS4DL3ZErI/6yGo7xkJgrMYOpipi7T8kad02+mivwFiIi9VYNTyhb55z2DZf6qOEEWMhLmKsM2LleYtHttRLRRTGQliMxspDUcEydDgw1rH5vlpjLISlSdYGCWF1rEPWHrE9XdizjLEQFZuxarh39efBHR2ypSJWuKZX2zEWotIk9wLN/pNn07EKWduyz61MxDrHMJYwFoIixnqWVK9+z4asmG64oO50/TEYCzERYz07qvWeJWTrbWvjqX+dAGMhJk1yyyKRJ+P5Z+yK8a/sJYyFkBiMHendmyTnShnPty2j9xmyGAshaZK/NFgiT34FLhGx+ZI2jIWIiLG+Yn4deWuzEhGb//0LYyEiTfI9V9mSyNMhazh4ejBkNsZCQJrkumBuI0nk5ULW3xXjL2nDWAjIScZe3FFTS8sq8jIh649Yf0kbxkI8TjL2xicdsSry1J9KR6y8ozzfHVYAsWiSe8+tO/LmbVfEyoxSHwym6tMkjIVwNMkRsbNM5K1tHv971URMPxuXP6qnwBgL4RBj/bs3o+kxFU4yeCxTF70wVO/4NWEsRCNv7GUdsZleUv3Vt/7Q8UioD66qkJ1dqQBi0STHKTZ/rpy0Ipat8dTPUH+i9xVALLLG6vXW15kMlkc4edOFXvpjHlQAsWiS9dS4n7ojT5i0PXXFWGP//LcKIBY5Yw3rreKmjOc7Gk/96C/cKxVALDLGDu+PtY35yJPb15/6SsX9IQsQlibZx3iNIXtxWuYUK4POAGE53thB93prPmR3O67J6Zl6j5CFuChj/RHbUdL2zyihAW9/DEBUmmSqfPiVMpGnzd6+czRiCVn4y94d6zYRRFEY3iYPYE9h0UIBlJPGdpdqFcUNBdCkQzIRpqKxItElBRJ0FAiRhiZvECTM04GguBpjbuaO7xBb8399lOroeO2Zs/BObPn11nQ/ZpVsGR+sfj/FUrKAb2ItCxJ6yb5++veHaUoWcEusYY4tJ9zPug2j4pQsUDOxkgn97o2kW1StWFmsAZrUx5w5NsMuqdPiqW5MyaJRmxM7SefYrJUnFVtJWFKyaFMfb6/YB4bJtMoVK/+RL5/QpD7eWrEX1sqTU8aCkgVqJTa8N1SslKxesZQs4J3Y4uutYfm1E3LqoqJf/xFoz4bEhoIFifGiE3LqoqLhgpJFgzYk9rzg7k2QgRk5dVHRnytCQHPWEltyvVX2Y9wXT/Wr7R3QnD6qFTu7yK68607IenFFlCwa1Ee1Ylcx/7myyzh1wX4M4JrYdDX89HKQQyYr9Dk2ShZwTuxIm2PT45NRsZQs4JrYsCy83jpSTl1U8+hHB7RlLbFjbY7N+Iae+sLnDmhLH9U5tlyHyqmLinhTFlqTJnY6V+bYFEGZY6uHd7SjPX1ML7qW3b0Zz5WKreh+B7Slj8ocm/3um37qgsQCjonVF0/1y3baS/AEiQV8EqvPsenCp6RiLwf/QmIBj8TaF0+Vn4S0iiWxgFtiHydbMWeDkorVfxIisYBbYsOHwvc0j79ln7ogsYBXYqemxVMRrrIrlsQCLom1b8WIqaFiSSzglNhJ4d2boaFiSSzglNhhacVObgwHG0ks4JBY8+KpCF+OOvFcr1gSC/gkdmSvWEl6/qkLEgt4JNZ+vVVmIAxzbCQWcEnsKJlj+55fsee2iiWxgENi04qdXZZW7JuBjsQCHokdz02Lp2KZfJh+d+sfkljAIbGlc2zDhW2OjcQCDoktnmNbWr+vIrHA9oldm2Pb+a0YEot29XG9Ynd+jo3EomF9DFd7NsdGYtGwY7neal48fWKtWBILbOk4vi2bY5OkGyqWxALb6R/Ok1NLe1WxJBbNOXlZOMc2TSp2lVexJBbYzsH1UVKxZVsxs4+DHCQW2JZy98ZQsZlJJ7GAn5MXcR/m2EgsYF08nZTNsZFYwM3JhaFij3ahYkksGmbairnZiYolsWiYaStmNyqWxKJdxXNsB6/yK5bEAndWsfaDjSQWcGB8T3NIK9Ywx0ZiASez/IfRw2QrxlSxJBbwqtg9GRUnsUDXnVoqtnxUnMQCDkw/qaavD7BVLIkF/nPF3ltYX+UuSCxQzGWO7WxgQWKBYi6Lp8anWBILFNrfObaf7N0xTxphHMfxG25iO28gHYFE6PhoUmXrIM9wLg4NL6ALNE46YBo3tsJWEvEFWJLGmdS2b67StMBFgedc/F9+38/apcsvf+7ErywW4rpFTuzr59hYLLQV+NZSem3qxLJYCCqUY7N1YlksBGW95IU5tklSEIsFXqbMOTYWC2VlPrEsFnKK/J3mt7kT+/DqT7EsFnoqH8NP7NhE8ZTFQtlpLfzEGsmxsVgI88HD2xsbybGxWAgLX2zrztyJZbGQ413ZiqcsFsqCF2snx8ZiIcy7shVPWSyUBS423c+d2B82TiyLhRzvylY8ZbFQFrbYdGAox8ZiISxssVVDxVMWC2XelS7HxmIhzLvCObbZRWIFi4Ua74JOrMmnWBYLPd4F5djsRMVZLKQFLDa9sZVjY7EQFrDYo3kux9ZI7GCxUONdsVZMNrTzFMtioce73Tk2W8VTFgtl3hXLsVl6imWx0LNzscfWiqfrmhGgxdd2tmKMFU/XpJ8jQMvpxa5fZDd8YtPbCNBSmZSvFbNUPY8ALZVh6XJsK9VfEaCl0ivviU3efIsALdsbay2TrZil4w8RoGXry6QD2yc2ecdioSb+7kJzbJ+sndj0+n0EiOnWtuTYLBZPV/ZGLBZytnwpYmAxKr6mzYsn6Nm8xCPjJzbZ58RCT9ythRRPO/ZO7N4oAvRUJptaMTaLp0vtuwjQs+HnO+ngzGiO7T/eFENTNnm+FWM1x7bqxQGK4p+NZ0+szaj46j/Ih2KIyvpPL2jbbo7t32DnfCiGqmzoSpRj4zMx1MWzqStPjm2hOT6LAFnx7Oth/sSajYovuIMbBgtpnd/9aWN1Z1vz9X97aCSJs+OweXvO9xMhLu7cf7msN68W6vVcji3r1S1Z7PUkAsSd3Pen9au/Lpuj/GIfl2zI42J5TQwAAAAAAAAAAAAAAAAAAAAAAIA/7MGBAAAAAACQ/2sjqKqqqqqqqqqqqqqqqqqqqqqqqqqqqqqqqqqqqqqqqqqqqqqqqqqqqqqqqqqqqqqqqqqqqqqqqqqqqqoKe3AgAAAAAADk/9oIqqqqqqqqqqqqqqqqqqqqqqqqqqqqqqqqqqqqqqqqqqqqqqqqqqqqqqqqqqqqqqqqqqqqqqqqqqqqqqrCHhwIAAAAAAD5vzaCqqqqqqqqqqqqqqqqqqqqqqqqqqqqqqqqqqqqqqqqqqqqqqqqqqqqqqqqqqqqqqqqqqqqqqqqqqqqqqqwBwcCAAAAAED+r42gqqqqqqqqqqqqqqqqqqqqqqqqqqqqqqqqqqqqqqqqqqqqqqqqqqqqqqqqqqqqqqqqqqqqqqqqqqqqqirswYEAAAAAAJD/ayOoqqqqqqqqqqqqqqqqqqqqqqqqqqqqqqqqqqqqqqqqqqqqqqqqqqqqqqqqqqqqqqqqqqqqqqqqqqqqqgp7cCAAAAAAAOT/2giqqqqqqqqqqqqqqqqqqqqqqqqqqqqqqqqqqqqqqqqqqqqqqqqqqqqqqqqqqqqqqqqqqqqqqqqqqqqqqsIeHAgAAAAAAPm/NoKqqqqqqqqqqqqqqqqqqqqqqqqqqqqqqqqqqqqqqqqqqqqqqqqqqqqqqqqqqqqqqqqqqqqqqqqqqqqqqrQHBwIAAAAAgvytN5igAgAAAAAAAAAAAAAAAAAAAAAAAAAAAAAAAAAAAAAAAAAAAAAAAAAAAAAAAAAAAAAAAAAAAAAAAOAFatglfMZ0SjcAAAAASUVORK5CYII=\\" style=\\"object-fit: fill;\\"></div>"`;

exports[`test AvatarGroup props > test AvatarGroup maxLength 1`] = `
"<div class=\\"n-avatar-group n-avatar-group--row\\">
  <div style=\\"z-index: 1;\\">
    <div class=\\"n-avatar n-avatar--normal n-avatar--round\\">
      <div class=\\"n-avatar__text\\" style=\\"transform: scale(1);\\"></div>
    </div>
  </div>
  <div style=\\"z-index: 2;\\">
    <div class=\\"n-avatar n-avatar--normal n-avatar--round\\">
      <div class=\\"n-avatar__text\\" style=\\"transform: scale(1);\\"></div>
    </div>
  </div>
  <div style=\\"z-index: 3;\\">
    <div class=\\"n-avatar n-avatar--normal n-avatar--round\\">
      <div class=\\"n-avatar__text\\" style=\\"transform: scale(1);\\">+1</div>
    </div>
  </div>
</div>"
`;

exports[`test AvatarGroup props > test AvatarGroup offset 1`] = `
"<div class=\\"n-avatar-group n-avatar-group--row\\" style=\\"--avatar-group-offset: 10px;\\">
  <div style=\\"z-index: 1;\\">
    <div class=\\"n-avatar n-avatar--normal n-avatar--round\\">
      <div class=\\"n-avatar__text\\" style=\\"transform: scale(1);\\"></div>
    </div>
  </div>
  <div style=\\"z-index: 2;\\">
    <div class=\\"n-avatar n-avatar--normal n-avatar--round\\">
      <div class=\\"n-avatar__text\\" style=\\"transform: scale(1);\\"></div>
    </div>
  </div>
  <div style=\\"z-index: 3;\\">
    <div class=\\"n-avatar n-avatar--normal n-avatar--round\\">
      <div class=\\"n-avatar__text\\" style=\\"transform: scale(1);\\"></div>
    </div>
  </div>
</div>"
`;

exports[`test AvatarGroup props > test AvatarGroup vertical 1`] = `
"<div class=\\"n-avatar-group n-avatar-group--column\\">
  <div style=\\"z-index: 1;\\">
    <div class=\\"n-avatar n-avatar--normal n-avatar--round\\">
      <div class=\\"n-avatar__text\\" style=\\"transform: scale(1);\\"></div>
    </div>
  </div>
  <div style=\\"z-index: 2;\\">
    <div class=\\"n-avatar n-avatar--normal n-avatar--round\\">
      <div class=\\"n-avatar__text\\" style=\\"transform: scale(1);\\"></div>
    </div>
  </div>
  <div style=\\"z-index: 3;\\">
    <div class=\\"n-avatar n-avatar--normal n-avatar--round\\">
      <div class=\\"n-avatar__text\\" style=\\"transform: scale(1);\\"></div>
    </div>
  </div>
</div>"
`;
